[soumen@UB:~/Documents/porasuno/Hackathon-2026/rwa-rental-dapp] 
$ vim ~/.bashrc
[soumen@UB:~/Documents/porasuno/Hackathon-2026/rwa-rental-dapp] 
$ foundryup


.xOx.xOx.xOx.xOx.xOx.xOx.xOx.xOx.xOx.xOx.xOx.xOx.xOx.xOx.xOx.xOx.xOx.xOx

 ╔═╗ ╔═╗ ╦ ╦ ╔╗╔ ╔╦╗ ╦═╗ ╦ ╦         Portable and modular toolkit
 ╠╣  ║ ║ ║ ║ ║║║  ║║ ╠╦╝ ╚╦╝    for Ethereum Application Development
 ╚   ╚═╝ ╚═╝ ╝╚╝ ═╩╝ ╩╚═  ╩                 written in Rust.

.xOx.xOx.xOx.xOx.xOx.xOx.xOx.xOx.xOx.xOx.xOx.xOx.xOx.xOx.xOx.xOx.xOx.xOx

Repo       : https://github.com/foundry-rs/foundry
Book       : https://book.getfoundry.sh/
Chat       : https://t.me/foundry_rs/
Support    : https://t.me/foundry_support/
Contribute : https://github.com/foundry-rs/foundry/blob/HEAD/CONTRIBUTING.md

.xOx.xOx.xOx.xOx.xOx.xOx.xOx.xOx.xOx.xOx.xOx.xOx.xOx.xOx.xOx.xOx.xOx.xOx

foundryup: checking if foundryup is up to date...
foundryup: foundryup is up to date.
foundryup: installing foundry (version stable, tag stable)
foundryup: checking if forge, cast, anvil, and chisel for stable version are already installed
################################################################################## 100.0%
foundryup: found attestation for stable version, downloading attestation artifact, checking...
################################################################################## 100.0%
foundryup: binaries not found or do not match expected hashes, downloading new binaries
foundryup: downloading forge, cast, anvil, and chisel for stable version
################################################################################## 100.0%
forge
cast
anvil
chisel
foundryup: downloading manpages
################################################################################## 100.0%
foundryup: verifying downloaded binaries against the attestation file
foundryup: forge verified ✓
foundryup: cast verified ✓
foundryup: anvil verified ✓
foundryup: chisel verified ✓
foundryup: use - forge 1.5.1-stable (b0a9dd9ced 2025-12-22T11:39:01.425730780Z)
foundryup: use - cast 1.5.1-stable (b0a9dd9ced 2025-12-22T11:39:01.425730780Z)
foundryup: use - anvil 1.5.1-stable (b0a9dd9ced 2025-12-22T11:39:01.425730780Z)
foundryup: use - chisel 1.5.1-stable (b0a9dd9ced 2025-12-22T11:39:01.425730780Z)
[soumen@UB:~/Documents/porasuno/Hackathon-2026/rwa-rental-dapp] 
$ which forge
/home/soumen/.foundry/bin/forge
[soumen@UB:~/Documents/porasuno/Hackathon-2026/rwa-rental-dapp] 
$ sudo apt-get install -y sqlite3
[sudo] password for soumen: 
Reading package lists... Done
Building dependency tree... Done
Reading state information... Done
Suggested packages:
  sqlite3-doc
The following NEW packages will be installed:
  sqlite3
0 upgraded, 1 newly installed, 0 to remove and 157 not upgraded.
Need to get 144 kB of archives.
After this operation, 584 kB of additional disk space will be used.
Get:1 http://us.archive.ubuntu.com/ubuntu noble-updates/main amd64 sqlite3 amd64 3.45.1-1ubuntu2.5 [144 kB]
Fetched 144 kB in 0s (460 kB/s)  
debconf: unable to initialize frontend: Dialog
debconf: (Dialog frontend requires a screen at least 13 lines tall and 31 columns wide.)
debconf: falling back to frontend: Readline
Selecting previously unselected package sqlite3.
(Reading database ... 466607 files and directories currently installed.)
Preparing to unpack .../sqlite3_3.45.1-1ubuntu2.5_amd64.deb ...
Unpacking sqlite3 (3.45.1-1ubuntu2.5) ...
Setting up sqlite3 (3.45.1-1ubuntu2.5) ...
Processing triggers for man-db (2.12.0-4build2) ...
[soumen@UB:~/Documents/porasuno/Hackathon-2026/rwa-rental-dapp] 
$ sqlite3 --version
3.45.1 2024-01-30 16:01:20 e876e51a0ed5c5b3126f52e532044363a014bc594cfefa87ffb5b82257ccalt1 (64-bit)
[soumen@UB:~/Documents/porasuno/Hackathon-2026/rwa-rental-dapp] 
$ sqlite3 testdb.db
SQLite version 3.45.1 2024-01-30 16:01:20
Enter ".help" for usage hints.
sqlite> CREATE TABLE users (
  id INTEGER PRIMARY KEY AUTOINCREMENT,
  name TEXT NOT NULL,
  email TEXT UNIQUE,
  created_at DATETIME DEFAULT CURRENT_TIMESTAMP
);
sqlite> INSERT INTO users (name, email) VALUES ('Dilip Kundu', 'dilip@example.com');
INSERT INTO users (name, email) VALUES ('Manas Maity', 'manas@example.com');
INSERT INTO users (name, email) VALUES ('Sayan Ghosh', 'sayan@example.com');
sqlite> SELECT * FROM users;
1|Dilip Kundu|dilip@example.com|2026-02-22 13:48:39
2|Manas Maity|manas@example.com|2026-02-22 13:48:39
3|Sayan Ghosh|sayan@example.com|2026-02-22 13:48:39
sqlite> UPDATE users SET name = 'Alice Brown' WHERE id = 1;
sqlite> SELECT * FROM users;
1|Alice Brown|dilip@example.com|2026-02-22 13:48:39
2|Manas Maity|manas@example.com|2026-02-22 13:48:39
3|Sayan Ghosh|sayan@example.com|2026-02-22 13:48:39
sqlite> DELETE FROM users WHERE id = 3;
sqlite> SELECT * FROM users;
1|Alice Brown|dilip@example.com|2026-02-22 13:48:39
2|Manas Maity|manas@example.com|2026-02-22 13:48:39
sqlite> .schema users
CREATE TABLE users (
  id INTEGER PRIMARY KEY AUTOINCREMENT,
  name TEXT NOT NULL,
  email TEXT UNIQUE,
  created_at DATETIME DEFAULT CURRENT_TIMESTAMP
);
sqlite> .tables
users
sqlite> .quit
[soumen@UB:~/Documents/porasuno/Hackathon-2026/rwa-rental-dapp] 
$ sqlite3 testdb.db
SQLite version 3.45.1 2024-01-30 16:01:20
Enter ".help" for usage hints.
sqlite> SELECT * FROM users;
1|Alice Brown|dilip@example.com|2026-02-22 13:48:39
2|Manas Maity|manas@example.com|2026-02-22 13:48:39
sqlite> DELETE FROM users WHERE id = 1;
sqlite> DELETE FROM users WHERE id = 1;
sqlite> SELECT * FROM users;
2|Manas Maity|manas@example.com|2026-02-22 13:48:39
sqlite> DELETE FROM users WHERE id = 2;
sqlite> SELECT * FROM users;
sqlite> INSERT INTO users (name, email) VALUES ('Dilip Kundu', 'dilip@example.com');
sqlite> INSERT INTO users (name, email) VALUES ('Manas Maity', 'manas@example.com');
sqlite> INSERT INTO users (name, email) VALUES ('Sayan Ghosh', 'sayan@example.com');
sqlite> SELECT * FROM users;
4|Dilip Kundu|dilip@example.com|2026-02-22 13:59:00
5|Manas Maity|manas@example.com|2026-02-22 13:59:08
6|Sayan Ghosh|sayan@example.com|2026-02-22 13:59:12
sqlite> .quit
[soumen@UB:~/Documents/porasuno/Hackathon-2026/rwa-rental-dapp] 
$ anvil


                             _   _
                            (_) | |
      __ _   _ __   __   __  _  | |
     / _` | | '_ \  \ \ / / | | | |
    | (_| | | | | |  \ V /  | | | |
     \__,_| |_| |_|   \_/   |_| |_|

    1.5.1-stable (b0a9dd9ced 2025-12-22T11:39:01.425730780Z)
    https://github.com/foundry-rs/foundry

Available Accounts
==================

(0) 0xf39Fd6e51aad88F6F4ce6aB8827279cffFb92266 (10000.000000000000000000 ETH)
(1) 0x70997970C51812dc3A010C7d01b50e0d17dc79C8 (10000.000000000000000000 ETH)
(2) 0x3C44CdDdB6a900fa2b585dd299e03d12FA4293BC (10000.000000000000000000 ETH)
(3) 0x90F79bf6EB2c4f870365E785982E1f101E93b906 (10000.000000000000000000 ETH)
(4) 0x15d34AAf54267DB7D7c367839AAf71A00a2C6A65 (10000.000000000000000000 ETH)
(5) 0x9965507D1a55bcC2695C58ba16FB37d819B0A4dc (10000.000000000000000000 ETH)
(6) 0x976EA74026E726554dB657fA54763abd0C3a0aa9 (10000.000000000000000000 ETH)
(7) 0x14dC79964da2C08b23698B3D3cc7Ca32193d9955 (10000.000000000000000000 ETH)
(8) 0x23618e81E3f5cdF7f54C3d65f7FBc0aBf5B21E8f (10000.000000000000000000 ETH)
(9) 0xa0Ee7A142d267C1f36714E4a8F75612F20a79720 (10000.000000000000000000 ETH)

Private Keys
==================

(0) 0xac0974bec39a17e36ba4a6b4d238ff944bacb478cbed5efcae784d7bf4f2ff80
(1) 0x59c6995e998f97a5a0044966f0945389dc9e86dae88c7a8412f4603b6b78690d
(2) 0x5de4111afa1a4b94908f83103eb1f1706367c2e68ca870fc3fb9a804cdab365a
(3) 0x7c852118294e51e653712a81e05800f419141751be58f605c371e15141b007a6
(4) 0x47e179ec197488593b187f80a00eb0da91f1b9d0b13f8733639f19c30a34926a
(5) 0x8b3a350cf5c34c9194ca85829a2df0ec3153be0318b5e2d3348e872092edffba
(6) 0x92db14e403b83dfe3df233f83dfa3a0d7096f21ca9b0d6d6b8d88b2b4ec1564e
(7) 0x4bbbf85ce3377467afe5d46f804f221813b2bb87f24d81f60f1fcdbf7cbf4356
(8) 0xdbda1821b80551c9d65939329250298aa3472ba22feea921c0cf5d620ea67b97
(9) 0x2a871d0798f97d79848a013d4936a73bf4cc922c825d33c1cf7073dff6d409c6

Wallet
==================
Mnemonic:          test test test test test test test test test test test junk
Derivation path:   m/44'/60'/0'/0/


Chain ID
==================

31337

Base Fee
==================

1000000000

Gas Limit
==================

30000000

Genesis Timestamp
==================

1771769276

Genesis Number
==================

0

Listening on 127.0.0.1:8545

